2026-07-25T15:09:43.406+0000 [DEBUG] [org.gradle.launcher.daemon.bootstrap.DaemonMain] Assuming the daemon was started with following jvm opts: [--add-opens=java.base/java.util=ALL-UNNAMED, --add-opens=java.base/java.lang=ALL-UNNAMED, --add-opens=java.base/java.lang.invoke=ALL-UNNAMED, --add-opens=java.prefs/java.util.prefs=ALL-UNNAMED, --add-opens=java.base/java.nio.charset=ALL-UNNAMED, --add-opens=java.base/java.net=ALL-UNNAMED, --add-opens=java.base/java.util.concurrent.atomic=ALL-UNNAMED, -Xmx2048m, -Dfile.encoding=UTF-8, -Duser.country, -Duser.language=en, -Duser.variant]
2026-07-25T15:09:44.096+0000 [DEBUG] [org.gradle.internal.nativeintegration.filesystem.services.FileSystemServices] Native-platform file system integration is not available. Continuing with fallback.
2026-07-25T15:09:44.224+0000 [DEBUG] [org.gradle.internal.nativeintegration.filesystem.services.FileSystemServices] Using Jdk7Symlink implementation as symlink.
2026-07-25T15:09:44.261+0000 [INFO] [org.gradle.launcher.daemon.server.Daemon] start() called on daemon - DefaultDaemonContext[uid=6ee65abe-9ed7-42d1-8c5a-65d304b35ae6,javaHome=/data/data/com.tom.rv2ide/files/usr/lib/jvm/java-17-openjdk,daemonRegistryDir=/data/data/com.tom.rv2ide/files/home/TryYourLuck/~/.gradle/daemon,pid=14979,idleTimeout=120000,priority=NORMAL,daemonOpts=--add-opens=java.base/java.util=ALL-UNNAMED,--add-opens=java.base/java.lang=ALL-UNNAMED,--add-opens=java.base/java.lang.invoke=ALL-UNNAMED,--add-opens=java.prefs/java.util.prefs=ALL-UNNAMED,--add-opens=java.base/java.nio.charset=ALL-UNNAMED,--add-opens=java.base/java.net=ALL-UNNAMED,--add-opens=java.base/java.util.concurrent.atomic=ALL-UNNAMED,-Xmx2048m,-Dfile.encoding=UTF-8,-Duser.country,-Duser.language=en,-Duser.variant]
2026-07-25T15:09:44.347+0000 [DEBUG] [org.gradle.internal.remote.internal.inet.InetAddresses] Adding IP addresses for network interface wlan0
2026-07-25T15:09:44.349+0000 [DEBUG] [org.gradle.internal.remote.internal.inet.InetAddresses] Is this a loopback interface? false
2026-07-25T15:09:44.350+0000 [DEBUG] [org.gradle.internal.remote.internal.inet.InetAddresses] Adding remote address /192.168.0.118
2026-07-25T15:09:44.353+0000 [DEBUG] [org.gradle.internal.remote.internal.inet.InetAddresses] Adding IP addresses for network interface lo
2026-07-25T15:09:44.354+0000 [DEBUG] [org.gradle.internal.remote.internal.inet.InetAddresses] Is this a loopback interface? true
2026-07-25T15:09:44.355+0000 [DEBUG] [org.gradle.internal.remote.internal.inet.InetAddresses] Adding loopback address /127.0.0.1
2026-07-25T15:09:44.369+0000 [DEBUG] [org.gradle.internal.remote.internal.inet.TcpIncomingConnector] Listening on [d4a75dd5-94e1-4c54-b244-a64a1784d541 port:40529, addresses:[localhost/127.0.0.1]].
2026-07-25T15:09:44.430+0000 [DEBUG] [org.gradle.launcher.daemon.server.Daemon] Daemon starting at: Sat Jul 25 15:09:44 GMT 2026, with address: [d4a75dd5-94e1-4c54-b244-a64a1784d541 port:40529, addresses:[localhost/127.0.0.1]]
2026-07-25T15:09:44.432+0000 [INFO] [org.gradle.launcher.daemon.server.DaemonRegistryUpdater] Advertising the daemon address to the clients: [d4a75dd5-94e1-4c54-b244-a64a1784d541 port:40529, addresses:[localhost/127.0.0.1]]
2026-07-25T15:09:44.434+0000 [DEBUG] [org.gradle.launcher.daemon.server.DaemonRegistryUpdater] Advertised daemon context: DefaultDaemonContext[uid=6ee65abe-9ed7-42d1-8c5a-65d304b35ae6,javaHome=/data/data/com.tom.rv2ide/files/usr/lib/jvm/java-17-openjdk,daemonRegistryDir=/data/data/com.tom.rv2ide/files/home/TryYourLuck/~/.gradle/daemon,pid=14979,idleTimeout=120000,priority=NORMAL,daemonOpts=--add-opens=java.base/java.util=ALL-UNNAMED,--add-opens=java.base/java.lang=ALL-UNNAMED,--add-opens=java.base/java.lang.invoke=ALL-UNNAMED,--add-opens=java.prefs/java.util.prefs=ALL-UNNAMED,--add-opens=java.base/java.nio.charset=ALL-UNNAMED,--add-opens=java.base/java.net=ALL-UNNAMED,--add-opens=java.base/java.util.concurrent.atomic=ALL-UNNAMED,-Xmx2048m,-Dfile.encoding=UTF-8,-Duser.country,-Duser.language=en,-Duser.variant]
2026-07-25T15:09:44.438+0000 [DEBUG] [org.gradle.launcher.daemon.registry.PersistentDaemonRegistry] Storing daemon address: [d4a75dd5-94e1-4c54-b244-a64a1784d541 port:40529, addresses:[localhost/127.0.0.1]], context: DefaultDaemonContext[uid=6ee65abe-9ed7-42d1-8c5a-65d304b35ae6,javaHome=/data/data/com.tom.rv2ide/files/usr/lib/jvm/java-17-openjdk,daemonRegistryDir=/data/data/com.tom.rv2ide/files/home/TryYourLuck/~/.gradle/daemon,pid=14979,idleTimeout=120000,priority=NORMAL,daemonOpts=--add-opens=java.base/java.util=ALL-UNNAMED,--add-opens=java.base/java.lang=ALL-UNNAMED,--add-opens=java.base/java.lang.invoke=ALL-UNNAMED,--add-opens=java.prefs/java.util.prefs=ALL-UNNAMED,--add-opens=java.base/java.nio.charset=ALL-UNNAMED,--add-opens=java.base/java.net=ALL-UNNAMED,--add-opens=java.base/java.util.concurrent.atomic=ALL-UNNAMED,-Xmx2048m,-Dfile.encoding=UTF-8,-Duser.country,-Duser.language=en,-Duser.variant]
2026-07-25T15:09:44.501+0000 [DEBUG] [org.gradle.cache.internal.DefaultFileLockManager] Waiting to acquire exclusive lock on daemon addresses registry.
2026-07-25T15:09:44.520+0000 [DEBUG] [org.gradle.cache.internal.DefaultFileLockManager] Lock acquired on daemon addresses registry.
2026-07-25T15:09:44.528+0000 [DEBUG] [org.gradle.cache.internal.DefaultFileLockManager] Releasing lock on daemon addresses registry.
2026-07-25T15:09:44.538+0000 [DEBUG] [org.gradle.cache.internal.DefaultFileLockManager] Waiting to acquire exclusive lock on daemon addresses registry.
2026-07-25T15:09:44.542+0000 [DEBUG] [org.gradle.cache.internal.DefaultFileLockManager] Lock acquired on daemon addresses registry.
2026-07-25T15:09:44.560+0000 [DEBUG] [org.gradle.cache.internal.DefaultFileLockManager] Releasing lock on daemon addresses registry.
2026-07-25T15:09:44.561+0000 [LIFECYCLE] [org.gradle.launcher.daemon.server.Daemon] Daemon server started.
2026-07-25T15:09:44.568+0000 [DEBUG] [org.gradle.launcher.daemon.bootstrap.DaemonStartupCommunication] Completed writing the daemon greeting. Closing streams...
2026-07-25T15:09:44.588+0000 [DEBUG] [org.gradle.launcher.daemon.server.Daemon] stopOnExpiration() called on daemon
2026-07-25T15:09:44.595+0000 [DEBUG] [org.gradle.launcher.daemon.server.Daemon] awaitExpiration() called on daemon
2026-07-25T15:09:44.599+0000 [DEBUG] [org.gradle.launcher.daemon.server.DaemonStateCoordinator] daemon is running. Sleeping until state changes.
2026-07-25T15:09:44.701+0000 [DEBUG] [org.gradle.internal.remote.internal.inet.TcpIncomingConnector] Accepted connection from /127.0.0.1:33844 to /127.0.0.1:40529.
2026-07-25T15:09:44.838+0000 [DEBUG] [org.gradle.launcher.daemon.server.SynchronizedDispatchConnection] thread 21: received class org.gradle.launcher.daemon.protocol.Build
2026-07-25T15:09:44.839+0000 [DEBUG] [org.gradle.launcher.daemon.server.DefaultDaemonConnection] thread 21: Received non-IO message from client: Build{id=34f360f8-f375-426a-bca0-753c67a0a203, currentDir=/data/data/com.tom.rv2ide/files/home/TryYourLuck}
2026-07-25T15:09:44.840+0000 [INFO] [org.gradle.launcher.daemon.server.DefaultIncomingConnectionHandler] Received command: Build{id=34f360f8-f375-426a-bca0-753c67a0a203, currentDir=/data/data/com.tom.rv2ide/files/home/TryYourLuck}.
2026-07-25T15:09:44.841+0000 [DEBUG] [org.gradle.launcher.daemon.server.DefaultIncomingConnectionHandler] Starting executing command: Build{id=34f360f8-f375-426a-bca0-753c67a0a203, currentDir=/data/data/com.tom.rv2ide/files/home/TryYourLuck} with connection: socket connection from /127.0.0.1:40529 to /127.0.0.1:33844.
2026-07-25T15:09:44.856+0000 [DEBUG] [org.gradle.launcher.daemon.server.DaemonStateCoordinator] Command execution: started DaemonCommandExecution[command = Build{id=34f360f8-f375-426a-bca0-753c67a0a203, currentDir=/data/data/com.tom.rv2ide/files/home/TryYourLuck}, connection = DefaultDaemonConnection: socket connection from /127.0.0.1:40529 to /127.0.0.1:33844] after 0.0 minutes of idle
2026-07-25T15:09:44.858+0000 [INFO] [org.gradle.launcher.daemon.server.DaemonRegistryUpdater] Marking the daemon as busy, address: [d4a75dd5-94e1-4c54-b244-a64a1784d541 port:40529, addresses:[localhost/127.0.0.1]]
2026-07-25T15:09:44.859+0000 [DEBUG] [org.gradle.launcher.daemon.registry.PersistentDaemonRegistry] Marking busy by address: [d4a75dd5-94e1-4c54-b244-a64a1784d541 port:40529, addresses:[localhost/127.0.0.1]]
2026-07-25T15:09:44.862+0000 [DEBUG] [org.gradle.cache.internal.DefaultFileLockManager] Waiting to acquire exclusive lock on daemon addresses registry.
2026-07-25T15:09:44.863+0000 [DEBUG] [org.gradle.cache.internal.DefaultFileLockManager] Lock acquired on daemon addresses registry.
2026-07-25T15:09:44.868+0000 [DEBUG] [org.gradle.cache.internal.DefaultFileLockManager] Releasing lock on daemon addresses registry.
2026-07-25T15:09:44.870+0000 [DEBUG] [org.gradle.launcher.daemon.server.DaemonStateCoordinator] resetting idle timer
2026-07-25T15:09:44.871+0000 [DEBUG] [org.gradle.launcher.daemon.server.DaemonStateCoordinator] daemon is running. Sleeping until state changes.
2026-07-25T15:09:44.875+0000 [INFO] [org.gradle.launcher.daemon.server.exec.StartBuildOrRespondWithBusy] Daemon is about to start building Build{id=34f360f8-f375-426a-bca0-753c67a0a203, currentDir=/data/data/com.tom.rv2ide/files/home/TryYourLuck}. Dispatching build started information...
2026-07-25T15:09:44.878+0000 [DEBUG] [org.gradle.launcher.daemon.server.SynchronizedDispatchConnection] thread 23: dispatching org.gradle.launcher.daemon.protocol.BuildStarted@7e7eb3f4
2026-07-25T15:09:44.889+0000 [DEBUG] [org.gradle.launcher.daemon.server.exec.EstablishBuildEnvironment] Configuring env variables: [PATH, ANDROID_I18N_ROOT, TERMUX_APP__VERSION_NAME, HISTCONTROL, TERMUX_APP__SE_FILE_CONTEXT, TERMUX_VERSION, EXTERNAL_STORAGE, ANDROID_HOME, TERMUX_APP__PID, COLORTERM, ANDROID_ART_ROOT, ANDROID_ROOT, TERMUX_APP__VERSION_CODE, TERMUX_APP__APK_PATH, PWD, BOOTCLASSPATH, TERMUX_APP__SE_INFO, SHELL_CMD__TERMINAL_SESSION_NUMBER_SINCE_BOOT, SHELL, ANDROID_DATA, ASEC_MOUNTPOINT, TERMUX_APP__SE_PROCESS_CONTEXT, TERMUX_APP__PACKAGE_NAME, OLDPWD, TMPDIR, TERMUX_APP__APK_RELEASE, SYSROOT, PREFIX, TERMUX_APP__IS_DEBUGGABLE_BUILD, SHELL_CMD__PACKAGE_NAME, TERMUX_PKG_NO_MIRROR_SELECT, SHLVL, TERMUX_APP__PACKAGE_VARIANT, TERMUX_APP__USER_ID, TERMUX_APP__PACKAGE_MANAGER, JAVA_HOME, TERMUX_APP__IS_INSTALLED_ON_EXTERNAL_STORAGE, TERM, LANG, SHELL_CMD__RUNNER_NAME, ANDROID_ASSETS, ANDROID_STORAGE, GRADLE_USER_HOME, TERMUX_APP__UID, TERMUX_APP__FILES_DIR, AT_ACSHOME_PROJECTS, TERMUX_APP__AM_SOCKET_SERVER_ENABLED, _, SHELL_CMD__TERMINAL_SESSION_NUMBER_SINCE_APP_START, SYSTEMSERVERCLASSPATH, TERMUX_MAIN_PACKAGE_FORMAT, PROJECTS, ANDROID_TZDATA_ROOT, ANDROID_SDK_ROOT, ANDROID_USER_HOME, SHELL_CMD__SHELL_ID, DEX2OATBOOTCLASSPATH, LD_PRELOAD, TERMUX_APP__TARGET_SDK, HOME]
2026-07-25T15:09:44.892+0000 [WARN] [org.gradle.launcher.daemon.server.exec.EstablishBuildEnvironment] Warning: Unable able to set daemon's environment variables to match the client because: 
  There is no native integration with this operating environment.
  If the daemon was started with a significantly different environment from the client, and your build 
  relies on environment variables, you may experience unexpected behavior.
2026-07-25T15:09:44.897+0000 [DEBUG] [org.gradle.launcher.daemon.server.exec.LogToClient] About to start relaying all logs to the client via the connection.
2026-07-25T15:09:44.898+0000 [INFO] [org.gradle.launcher.daemon.server.exec.LogToClient] The client will now receive all logging from the daemon (pid: 14979). The daemon log file: /data/data/com.tom.rv2ide/files/home/TryYourLuck/~/.gradle/daemon/8.0/daemon-14979.out.log
2026-07-25T15:09:44.907+0000 [DEBUG] [org.gradle.launcher.daemon.server.exec.RequestStopIfSingleUsedDaemon] Requesting daemon stop after processing Build{id=34f360f8-f375-426a-bca0-753c67a0a203, currentDir=/data/data/com.tom.rv2ide/files/home/TryYourLuck}
2026-07-25T15:09:44.908+0000 [LIFECYCLE] [org.gradle.launcher.daemon.server.DaemonStateCoordinator] Daemon will be stopped at the end of the build 
2026-07-25T15:09:44.909+0000 [DEBUG] [org.gradle.launcher.daemon.server.DaemonStateCoordinator] Stop as soon as idle requested. The daemon is busy: true
2026-07-25T15:09:44.910+0000 [DEBUG] [org.gradle.launcher.daemon.server.DaemonStateCoordinator] daemon stop has been requested. Sleeping until state changes.
2026-07-25T15:09:44.927+0000 [DEBUG] [org.gradle.launcher.daemon.server.exec.ExecuteBuild] The daemon has started executing the build.
2026-07-25T15:09:44.928+0000 [DEBUG] [org.gradle.launcher.daemon.server.exec.ExecuteBuild] Executing build with daemon context: DefaultDaemonContext[uid=6ee65abe-9ed7-42d1-8c5a-65d304b35ae6,javaHome=/data/data/com.tom.rv2ide/files/usr/lib/jvm/java-17-openjdk,daemonRegistryDir=/data/data/com.tom.rv2ide/files/home/TryYourLuck/~/.gradle/daemon,pid=14979,idleTimeout=120000,priority=NORMAL,daemonOpts=--add-opens=java.base/java.util=ALL-UNNAMED,--add-opens=java.base/java.lang=ALL-UNNAMED,--add-opens=java.base/java.lang.invoke=ALL-UNNAMED,--add-opens=java.prefs/java.util.prefs=ALL-UNNAMED,--add-opens=java.base/java.nio.charset=ALL-UNNAMED,--add-opens=java.base/java.net=ALL-UNNAMED,--add-opens=java.base/java.util.concurrent.atomic=ALL-UNNAMED,-Xmx2048m,-Dfile.encoding=UTF-8,-Duser.country,-Duser.language=en,-Duser.variant]

BUILD SUCCESSFUL in 18m 48s
2 actionable tasks: 2 up-to-date
2026-07-25T15:14:41.392+0000 [DEBUG] [org.gradle.launcher.daemon.server.exec.ExecuteBuild] The daemon has finished executing the build.
2026-07-25T15:14:41.407+0000 [DEBUG] [org.gradle.launcher.daemon.server.DaemonStateCoordinator] daemon stop has been requested. Sleeping until state changes.
2026-07-25T15:14:41.410+0000 [DEBUG] [org.gradle.launcher.daemon.server.DaemonStateCoordinator] Command execution: finished waiting for DaemonCommandExecution[command = Build{id=34f360f8-f375-426a-bca0-753c67a0a203, currentDir=/data/data/com.tom.rv2ide/files/home/TryYourLuck}, connection = DefaultDaemonConnection: socket connection from /127.0.0.1:40529 to /127.0.0.1:33844]. Result org.gradle.launcher.daemon.server.DaemonStateCoordinator@66fefaa0 with state StopRequested
2026-07-25T15:14:41.412+0000 [DEBUG] [org.gradle.launcher.daemon.server.DaemonStateCoordinator] Command execution: completed DaemonCommandExecution[command = Build{id=34f360f8-f375-426a-bca0-753c67a0a203, currentDir=/data/data/com.tom.rv2ide/files/home/TryYourLuck}, connection = DefaultDaemonConnection: socket connection from /127.0.0.1:40529 to /127.0.0.1:33844]
2026-07-25T15:14:41.413+0000 [DEBUG] [org.gradle.launcher.daemon.server.DaemonStateCoordinator] resetting idle timer
2026-07-25T15:14:41.414+0000 [DEBUG] [org.gradle.launcher.daemon.server.DaemonStateCoordinator] Marking daemon stopped due to command completed and stop requested. The daemon is running a build: false
2026-07-25T15:14:41.415+0000 [DEBUG] [org.gradle.launcher.daemon.server.DaemonStateCoordinator] daemon has stopped.
2026-07-25T15:14:41.415+0000 [DEBUG] [org.gradle.launcher.daemon.server.exec.ReturnResult] Daemon is dispatching the build result: Success[value=org.gradle.launcher.exec.BuildActionResult@53785b4b]
2026-07-25T15:14:41.417+0000 [DEBUG] [org.gradle.launcher.daemon.server.Daemon] stop() called on daemon
2026-07-25T15:14:41.419+0000 [INFO] [org.gradle.launcher.daemon.server.Daemon] Stop requested. Daemon is removing its presence from the registry...
2026-07-25T15:14:41.421+0000 [DEBUG] [org.gradle.launcher.daemon.server.DaemonRegistryUpdater] Removing our presence to clients, eg. removing this address from the registry: [d4a75dd5-94e1-4c54-b244-a64a1784d541 port:40529, addresses:[localhost/127.0.0.1]]
2026-07-25T15:14:41.422+0000 [DEBUG] [org.gradle.launcher.daemon.registry.PersistentDaemonRegistry] Removing daemon address: [d4a75dd5-94e1-4c54-b244-a64a1784d541 port:40529, addresses:[localhost/127.0.0.1]]
2026-07-25T15:14:41.418+0000 [DEBUG] [org.gradle.launcher.daemon.server.SynchronizedDispatchConnection] thread 20: dispatching Success[value=org.gradle.launcher.exec.BuildActionResult@53785b4b]
2026-07-25T15:14:41.426+0000 [DEBUG] [org.gradle.cache.internal.DefaultFileLockManager] Waiting to acquire exclusive lock on daemon addresses registry.
2026-07-25T15:14:41.427+0000 [DEBUG] [org.gradle.launcher.daemon.server.DefaultIncomingConnectionHandler] Finishing executing command: Build{id=34f360f8-f375-426a-bca0-753c67a0a203, currentDir=/data/data/com.tom.rv2ide/files/home/TryYourLuck}
2026-07-25T15:14:41.429+0000 [DEBUG] [org.gradle.cache.internal.DefaultFileLockManager] Lock acquired on daemon addresses registry.
2026-07-25T15:14:41.433+0000 [DEBUG] [org.gradle.cache.internal.DefaultFileLockManager] Releasing lock on daemon addresses registry.
2026-07-25T15:14:41.434+0000 [DEBUG] [org.gradle.launcher.daemon.server.DaemonRegistryUpdater] Address removed from registry.
2026-07-25T15:14:41.450+0000 [DEBUG] [org.gradle.launcher.daemon.server.SynchronizedDispatchConnection] thread 21: received class org.gradle.launcher.daemon.protocol.CloseInput
2026-07-25T15:14:41.456+0000 [DEBUG] [org.gradle.launcher.daemon.server.DefaultDaemonConnection] thread 21: Received IO message from client: org.gradle.launcher.daemon.protocol.CloseInput@767b94ce
2026-07-25T15:14:41.463+0000 [DEBUG] [org.gradle.launcher.daemon.server.SynchronizedDispatchConnection] thread 21: received class org.gradle.launcher.daemon.protocol.Finished
2026-07-25T15:14:41.465+0000 [DEBUG] [org.gradle.launcher.daemon.server.DefaultDaemonConnection] thread 21: Received non-IO message from client: org.gradle.launcher.daemon.protocol.Finished@22195e56
2026-07-25T15:14:41.467+0000 [DEBUG] [org.gradle.launcher.daemon.server.DefaultIncomingConnectionHandler] Received finished message: org.gradle.launcher.daemon.protocol.Finished@22195e56
2026-07-25T15:14:41.470+0000 [DEBUG] [org.gradle.launcher.daemon.server.SynchronizedDispatchConnection] thread 20: stopping connection
2026-07-25T15:14:41.481+0000 [DEBUG] [org.gradle.internal.remote.internal.inet.SocketConnection] Discarding EOFException: java.io.EOFException
2026-07-25T15:14:41.482+0000 [DEBUG] [org.gradle.launcher.daemon.server.SynchronizedDispatchConnection] thread 21: received null
2026-07-25T15:14:41.484+0000 [DEBUG] [org.gradle.launcher.daemon.server.DefaultDaemonConnection] thread 21: Received end-of-input from client.
2026-07-25T15:14:41.487+0000 [DEBUG] [org.gradle.launcher.daemon.server.SynchronizedDispatchConnection] thread 20: stopping connection
2026-07-25T15:14:41.496+0000 [DEBUG] [org.gradle.cache.internal.LockOnDemandCrossProcessCacheAccess] Releasing file lock for jars (/data/data/com.tom.rv2ide/files/home/TryYourLuck/~/.gradle/caches/jars-9)
2026-07-25T15:14:41.501+0000 [DEBUG] [org.gradle.cache.internal.DefaultFileLockManager] Releasing lock on jars (/data/data/com.tom.rv2ide/files/home/TryYourLuck/~/.gradle/caches/jars-9).
2026-07-25T15:14:41.508+0000 [DEBUG] [org.gradle.cache.internal.DefaultCacheAccess] Cache Artifact transforms cache (/data/data/com.tom.rv2ide/files/home/TryYourLuck/~/.gradle/caches/transforms-3) was closed 0 times.
2026-07-25T15:14:41.533+0000 [DEBUG] [org.gradle.cache.internal.LockOnDemandCrossProcessCacheAccess] Releasing file lock for file content cache (/data/data/com.tom.rv2ide/files/home/TryYourLuck/~/.gradle/caches/8.0/fileContent)
2026-07-25T15:14:41.535+0000 [DEBUG] [org.gradle.cache.internal.DefaultFileLockManager] Releasing lock on file content cache (/data/data/com.tom.rv2ide/files/home/TryYourLuck/~/.gradle/caches/8.0/fileContent).
2026-07-25T15:14:41.537+0000 [DEBUG] [org.gradle.cache.internal.DefaultCacheAccess] Cache Generated Gradle JARs cache (/data/data/com.tom.rv2ide/files/home/TryYourLuck/~/.gradle/caches/8.0/generated-gradle-jars) was closed 0 times.
2026-07-25T15:14:41.539+0000 [DEBUG] [org.gradle.cache.internal.LockOnDemandCrossProcessCacheAccess] Releasing file lock for artifact cache (/data/data/com.tom.rv2ide/files/home/TryYourLuck/~/.gradle/caches/modules-2)
2026-07-25T15:14:41.541+0000 [DEBUG] [org.gradle.cache.internal.btree.BTreePersistentIndexedCache] Closing cache module-metadata.bin (/data/data/com.tom.rv2ide/files/home/TryYourLuck/~/.gradle/caches/modules-2/metadata-2.100/module-metadata.bin)
2026-07-25T15:14:41.543+0000 [DEBUG] [org.gradle.cache.internal.btree.BTreePersistentIndexedCache] Closing cache module-artifact.bin (/data/data/com.tom.rv2ide/files/home/TryYourLuck/~/.gradle/caches/modules-2/metadata-2.100/module-artifact.bin)
2026-07-25T15:14:41.545+0000 [DEBUG] [org.gradle.cache.internal.btree.BTreePersistentIndexedCache] Closing cache resource-at-url.bin (/data/data/com.tom.rv2ide/files/home/TryYourLuck/~/.gradle/caches/modules-2/metadata-2.100/resource-at-url.bin)
2026-07-25T15:14:41.546+0000 [DEBUG] [org.gradle.cache.internal.DefaultFileLockManager] Releasing lock on artifact cache (/data/data/com.tom.rv2ide/files/home/TryYourLuck/~/.gradle/caches/modules-2).
2026-07-25T15:14:41.549+0000 [DEBUG] [org.gradle.cache.internal.LockOnDemandCrossProcessCacheAccess] Releasing file lock for journal cache (/data/data/com.tom.rv2ide/files/home/TryYourLuck/~/.gradle/caches/journal-1)
2026-07-25T15:14:41.550+0000 [DEBUG] [org.gradle.cache.internal.btree.BTreePersistentIndexedCache] Closing cache file-access.bin (/data/data/com.tom.rv2ide/files/home/TryYourLuck/~/.gradle/caches/journal-1/file-access.bin)
2026-07-25T15:14:41.550+0000 [DEBUG] [org.gradle.cache.internal.DefaultFileLockManager] Releasing lock on journal cache (/data/data/com.tom.rv2ide/files/home/TryYourLuck/~/.gradle/caches/journal-1).
2026-07-25T15:14:41.555+0000 [DEBUG] [org.gradle.cache.internal.LockOnDemandCrossProcessCacheAccess] Releasing file lock for file hash cache (/data/data/com.tom.rv2ide/files/home/TryYourLuck/~/.gradle/caches/8.0/fileHashes)
2026-07-25T15:14:41.555+0000 [DEBUG] [org.gradle.cache.internal.btree.BTreePersistentIndexedCache] Closing cache fileHashes.bin (/data/data/com.tom.rv2ide/files/home/TryYourLuck/~/.gradle/caches/8.0/fileHashes/fileHashes.bin)
2026-07-25T15:14:41.556+0000 [DEBUG] [org.gradle.cache.internal.btree.BTreePersistentIndexedCache] Closing cache resourceHashesCache.bin (/data/data/com.tom.rv2ide/files/home/TryYourLuck/~/.gradle/caches/8.0/fileHashes/resourceHashesCache.bin)
2026-07-25T15:14:41.557+0000 [DEBUG] [org.gradle.cache.internal.DefaultFileLockManager] Releasing lock on file hash cache (/data/data/com.tom.rv2ide/files/home/TryYourLuck/~/.gradle/caches/8.0/fileHashes).
2026-07-25T15:14:41.560+0000 [DEBUG] [org.gradle.cache.internal.LockOnDemandCrossProcessCacheAccess] Releasing file lock for execution history cache (/data/data/com.tom.rv2ide/files/home/TryYourLuck/~/.gradle/caches/8.0/executionHistory)
2026-07-25T15:14:41.562+0000 [DEBUG] [org.gradle.cache.internal.DefaultFileLockManager] Releasing lock on execution history cache (/data/data/com.tom.rv2ide/files/home/TryYourLuck/~/.gradle/caches/8.0/executionHistory).
2026-07-25T15:14:41.570+0000 [DEBUG] [org.gradle.cache.internal.VersionSpecificCacheCleanupAction] Processed version-specific caches at /data/data/com.tom.rv2ide/files/home/TryYourLuck/~/.gradle/caches for cleanup in 0.002 secs
2026-07-25T15:14:41.581+0000 [DEBUG] [org.gradle.launcher.daemon.registry.PersistentDaemonRegistry] Removing daemon address: [d4a75dd5-94e1-4c54-b244-a64a1784d541 port:40529, addresses:[localhost/127.0.0.1]]
Daemon vm is shutting down... The daemon has exited normally or was terminated in response to a user interrupt.
2026-07-25T15:14:41.582+0000 [DEBUG] [org.gradle.cache.internal.DefaultFileLockManager] Waiting to acquire exclusive lock on daemon addresses registry.
2026-07-25T15:14:41.583+0000 [DEBUG] [org.gradle.cache.internal.DefaultFileLockManager] Lock acquired on daemon addresses registry.
2026-07-25T15:14:41.584+0000 [DEBUG] [org.gradle.cache.internal.DefaultFileLockManager] Releasing lock on daemon addresses registry.
